// Jest Snapshot v1, https://goo.gl/fbAQLP

exports[`plugin bold renders bold element 1`] = `
<body>
  <div>
    <span>
      <strong>
        Bold text
      </strong>
    </span>
  </div>
</body>
`;
