// Jest Snapshot v1, https://goo.gl/fbAQLP

exports[`plugin italic renders em element 1`] = `
<body>
  <div>
    <span>
      <em>
        Italic text
      </em>
    </span>
  </div>
</body>
`;
