// Jest Snapshot v1, https://goo.gl/fbAQLP

exports[`plugin underline renders u element 1`] = `
<body>
  <div>
    <span>
      <u>
        Underlined text
      </u>
    </span>
  </div>
</body>
`;
